Makefile:7: Makefile.conf: No such file or directory
Generating Makefile.conf (configuration makefile)
 You can change your preference by editing Makefile.conf
 or just delete it and run make again
Where do you want to install the simulator?
Please use either /usr, /usr/local  or you home directory
unless you know what you are doing. (no tailing slash)
e.g. (/home/yourlogin) (don' use ~): [/usr/local] 